###############################################################################
#
# IAR ELF Linker V7.60.2.11341/W32 for ARM                03/Jul/2018  23:14:59
# Copyright 2007-2016 IAR Systems AB.
#
#    Output file  =  F:\New Sale System\Code\ZAxis\EWARM\ZAxis\Exe\ZAxis.out
#    Map file     =  F:\New Sale System\Code\ZAxis\EWARM\ZAxis\List\ZAxis.map
#    Command line =  
#        "F:\New Sale System\Code\ZAxis\EWARM\ZAxis\Obj\cmsis_os.o" "F:\New
#        Sale System\Code\ZAxis\EWARM\ZAxis\Obj\croutine.o" "F:\New Sale
#        System\Code\ZAxis\EWARM\ZAxis\Obj\event_groups.o" "F:\New Sale
#        System\Code\ZAxis\EWARM\ZAxis\Obj\freertos.o" "F:\New Sale
#        System\Code\ZAxis\EWARM\ZAxis\Obj\heap_4.o" "F:\New Sale
#        System\Code\ZAxis\EWARM\ZAxis\Obj\key.o" "F:\New Sale
#        System\Code\ZAxis\EWARM\ZAxis\Obj\list.o" "F:\New Sale
#        System\Code\ZAxis\EWARM\ZAxis\Obj\main.o" "F:\New Sale
#        System\Code\ZAxis\EWARM\ZAxis\Obj\port.o" "F:\New Sale
#        System\Code\ZAxis\EWARM\ZAxis\Obj\portasm.o" "F:\New Sale
#        System\Code\ZAxis\EWARM\ZAxis\Obj\queue.o" "F:\New Sale
#        System\Code\ZAxis\EWARM\ZAxis\Obj\startup_stm32f103xb.o" "F:\New Sale
#        System\Code\ZAxis\EWARM\ZAxis\Obj\stm32f1xx_hal.o" "F:\New Sale
#        System\Code\ZAxis\EWARM\ZAxis\Obj\stm32f1xx_hal_can.o" "F:\New Sale
#        System\Code\ZAxis\EWARM\ZAxis\Obj\stm32f1xx_hal_cortex.o" "F:\New Sale
#        System\Code\ZAxis\EWARM\ZAxis\Obj\stm32f1xx_hal_dma.o" "F:\New Sale
#        System\Code\ZAxis\EWARM\ZAxis\Obj\stm32f1xx_hal_flash.o" "F:\New Sale
#        System\Code\ZAxis\EWARM\ZAxis\Obj\stm32f1xx_hal_flash_ex.o" "F:\New
#        Sale System\Code\ZAxis\EWARM\ZAxis\Obj\stm32f1xx_hal_gpio.o" "F:\New
#        Sale System\Code\ZAxis\EWARM\ZAxis\Obj\stm32f1xx_hal_gpio_ex.o"
#        "F:\New Sale System\Code\ZAxis\EWARM\ZAxis\Obj\stm32f1xx_hal_msp.o"
#        "F:\New Sale System\Code\ZAxis\EWARM\ZAxis\Obj\stm32f1xx_hal_pwr.o"
#        "F:\New Sale System\Code\ZAxis\EWARM\ZAxis\Obj\stm32f1xx_hal_rcc.o"
#        "F:\New Sale System\Code\ZAxis\EWARM\ZAxis\Obj\stm32f1xx_hal_rcc_ex.o"
#        "F:\New Sale System\Code\ZAxis\EWARM\ZAxis\Obj\stm32f1xx_hal_tim.o"
#        "F:\New Sale System\Code\ZAxis\EWARM\ZAxis\Obj\stm32f1xx_hal_tim_ex.o"
#        "F:\New Sale
#        System\Code\ZAxis\EWARM\ZAxis\Obj\stm32f1xx_hal_timebase_TIM.o"
#        "F:\New Sale System\Code\ZAxis\EWARM\ZAxis\Obj\stm32f1xx_it.o" "F:\New
#        Sale System\Code\ZAxis\EWARM\ZAxis\Obj\system_stm32f1xx.o" "F:\New
#        Sale System\Code\ZAxis\EWARM\ZAxis\Obj\tasks.o" "F:\New Sale
#        System\Code\ZAxis\EWARM\ZAxis\Obj\timers.o" "F:\New Sale
#        System\Code\ZAxis\EWARM\ZAxis\Obj\zaxis.o" --redirect
#        _Printf=_PrintfFull --redirect _Scanf=_ScanfFull -o "F:\New Sale
#        System\Code\ZAxis\EWARM\ZAxis\Exe\ZAxis.out" --map "F:\New Sale
#        System\Code\ZAxis\EWARM\ZAxis\List\ZAxis.map" --config "F:\New Sale
#        System\Code\ZAxis\EWARM/stm32f103xb_flash.icf" --semihosting --entry
#        __iar_program_start --vfe
#
###############################################################################

*******************************************************************************
*** RUNTIME MODEL ATTRIBUTES
***

CppFlavor       = *
__SystemLibrary = DLib


*******************************************************************************
*** PLACEMENT SUMMARY
***

"A1":  place at 0x08000000 { ro section .intvec };
"P1":  place in [from 0x08000000 to 0x0801ffff] { ro };
"P2":  place in [from 0x20000000 to 0x20004fff] { rw, block CSTACK, block HEAP };
initialize by copy { rw };

  Section            Kind        Address    Size  Object
  -------            ----        -------    ----  ------
"A1":                                       0xec
  .intvec            ro code  0x08000000    0xec  startup_stm32f103xb.o [1]
                            - 0x080000ec    0xec

"P1":                                     0x3458
  .text              ro code  0x080000ec   0x8ac  stm32f1xx_hal_can.o [1]
  .text              ro code  0x08000998   0x19c  stm32f1xx_hal_msp.o [1]
  .text              ro code  0x08000b34    0x44  stm32f1xx_hal.o [1]
  .text              ro code  0x08000b78   0x11c  zaxis.o [1]
  .text              ro code  0x08000c94   0x160  stm32f1xx_hal_cortex.o [1]
  .text              ro code  0x08000df4   0x314  stm32f1xx_hal_gpio.o [1]
  .text              ro code  0x08001108    0x90  stm32f1xx_hal_timebase_TIM.o [1]
  .text              ro code  0x08001198   0x148  key.o [1]
  .text              ro code  0x080012e0   0x71c  stm32f1xx_hal_rcc.o [1]
  .text              ro code  0x080019fc   0x58e  stm32f1xx_hal_tim.o [1]
  .rodata            const    0x08001f8a     0x2  stm32f1xx_hal_rcc.o [1]
  .text              ro code  0x08001f8c    0x56  ABImemcpy_unaligned.o [4]
  .text              ro code  0x08001fe4   0x398  main.o [1]
  .text              ro code  0x0800237c    0x64  stm32f1xx_hal_tim_ex.o [1]
  .text              ro code  0x080023e0    0x76  cmsis_os.o [1]
  .text              ro code  0x08002458   0x888  tasks.o [1]
  .text              ro code  0x08002ce0   0x1a4  port.o [1]
  .text              ro code  0x08002e84   0x284  heap_4.o [1]
  .text              ro code  0x08003108    0x9e  list.o [1]
  CODE               ro code  0x080031a8    0x88  portasm.o [1]
  .text              ro code  0x08003230    0x68  system_stm32f1xx.o [1]
  .text              ro code  0x08003298    0x50  stm32f1xx_it.o [1]
  .text              ro code  0x080032e8    0x40  zero_init3.o [4]
  .rodata            const    0x08003328    0x30  main.o [1]
  .text              ro code  0x08003358    0x2c  copy_init3.o [4]
  .text              ro code  0x08003384    0x28  data_init.o [4]
  .iar.init_table    const    0x080033ac    0x24  - Linker created -
  .text              ro code  0x080033d0    0x1a  cmain.o [4]
  .text              ro code  0x080033ea     0x4  low_level_init.o [3]
  .text              ro code  0x080033ee     0x4  exit.o [3]
  .text              ro code  0x080033f4     0xa  cexit.o [4]
  .text              ro code  0x08003400    0x14  exit.o [5]
  .rodata            const    0x08003414    0x14  main.o [1]
  .rodata            const    0x08003428    0x14  main.o [1]
  .rodata            const    0x0800343c    0x10  stm32f1xx_hal_rcc.o [1]
  .rodata            const    0x0800344c    0x10  system_stm32f1xx.o [1]
  .text              ro code  0x0800345c    0x10  startup_stm32f103xb.o [1]
  .rodata            const    0x0800346c     0xc  main.o [1]
  .text              ro code  0x08003478     0xc  cstartup_M.o [4]
  Initializer bytes  const    0x08003484     0xc  <for P2-1>
  .rodata            const    0x08003490     0x8  main.o [1]
  .rodata            const    0x08003498     0x8  system_stm32f1xx.o [1]
  .rodata            const    0x080034a0     0x8  tasks.o [1]
  .rodata            const    0x080034a8     0x4  heap_4.o [1]
  .text              ro code  0x080034ac     0x4  startup_stm32f103xb.o [1]
  .text              ro code  0x080034b0     0x4  startup_stm32f103xb.o [1]
  .text              ro code  0x080034b4     0x4  startup_stm32f103xb.o [1]
  .text              ro code  0x080034b8     0x4  startup_stm32f103xb.o [1]
  .text              ro code  0x080034bc     0x4  startup_stm32f103xb.o [1]
  .text              ro code  0x080034c0     0x4  startup_stm32f103xb.o [1]
  .text              ro code  0x080034c4     0x4  startup_stm32f103xb.o [1]
  .text              ro code  0x080034c8     0x4  startup_stm32f103xb.o [1]
  .text              ro code  0x080034cc     0x4  startup_stm32f103xb.o [1]
  .text              ro code  0x080034d0     0x4  startup_stm32f103xb.o [1]
  .text              ro code  0x080034d4     0x4  startup_stm32f103xb.o [1]
  .text              ro code  0x080034d8     0x4  startup_stm32f103xb.o [1]
  .text              ro code  0x080034dc     0x4  startup_stm32f103xb.o [1]
  .text              ro code  0x080034e0     0x4  startup_stm32f103xb.o [1]
  .text              ro code  0x080034e4     0x4  startup_stm32f103xb.o [1]
  .text              ro code  0x080034e8     0x4  startup_stm32f103xb.o [1]
  .text              ro code  0x080034ec     0x4  startup_stm32f103xb.o [1]
  .text              ro code  0x080034f0     0x4  startup_stm32f103xb.o [1]
  .text              ro code  0x080034f4     0x4  startup_stm32f103xb.o [1]
  .text              ro code  0x080034f8     0x4  startup_stm32f103xb.o [1]
  .text              ro code  0x080034fc     0x4  startup_stm32f103xb.o [1]
  .text              ro code  0x08003500     0x4  startup_stm32f103xb.o [1]
  .text              ro code  0x08003504     0x4  startup_stm32f103xb.o [1]
  .text              ro code  0x08003508     0x4  startup_stm32f103xb.o [1]
  .text              ro code  0x0800350c     0x4  startup_stm32f103xb.o [1]
  .text              ro code  0x08003510     0x4  startup_stm32f103xb.o [1]
  .text              ro code  0x08003514     0x4  startup_stm32f103xb.o [1]
  .text              ro code  0x08003518     0x4  startup_stm32f103xb.o [1]
  .text              ro code  0x0800351c     0x4  startup_stm32f103xb.o [1]
  .text              ro code  0x08003520     0x4  startup_stm32f103xb.o [1]
  .text              ro code  0x08003524     0x4  startup_stm32f103xb.o [1]
  .text              ro code  0x08003528     0x4  startup_stm32f103xb.o [1]
  .text              ro code  0x0800352c     0x4  startup_stm32f103xb.o [1]
  .text              ro code  0x08003530     0x4  startup_stm32f103xb.o [1]
  .text              ro code  0x08003534     0x4  startup_stm32f103xb.o [1]
  .text              ro code  0x08003538     0x4  startup_stm32f103xb.o [1]
  .text              ro code  0x0800353c     0x4  startup_stm32f103xb.o [1]
  .text              ro code  0x08003540     0x4  startup_stm32f103xb.o [1]
  .rodata            const    0x08003544     0x0  zero_init3.o [4]
  .rodata            const    0x08003544     0x0  copy_init3.o [4]
                            - 0x08003544  0x3458

"P2", part 1 of 3:                           0xc
  P2-1                        0x20000000     0x9  <Init block>
    .data            inited   0x20000000     0x4  port.o [1]
    .data            inited   0x20000004     0x4  system_stm32f1xx.o [1]
    .data            inited   0x20000008     0x1  stm32f1xx_hal.o [1]
                            - 0x20000009     0x9

"P2", part 2 of 3:                         0x400
  CSTACK                      0x20000010   0x400  <Block>
    CSTACK           uninit   0x20000010   0x400  <Block tail>
                            - 0x20000410   0x400

"P2", part 3 of 3:                        0x1064
  .bss               zero     0x20000410   0xc00  heap_4.o [1]
  .bss               zero     0x20001010   0x204  zaxis.o [1]
  .bss               zero     0x20001214    0x8c  tasks.o [1]
  .bss               zero     0x200012a0    0x44  main.o [1]
  .bss               zero     0x200012e4    0x40  main.o [1]
  .bss               zero     0x20001324    0x40  stm32f1xx_hal_timebase_TIM.o [1]
  .bss               zero     0x20001364    0x24  main.o [1]
  .bss               zero     0x20001388    0x1c  main.o [1]
  .bss               zero     0x200013a4    0x14  tasks.o [1]
  .bss               zero     0x200013b8    0x14  tasks.o [1]
  .bss               zero     0x200013cc    0x14  tasks.o [1]
  .bss               zero     0x200013e0    0x14  tasks.o [1]
  .bss               zero     0x200013f4    0x14  tasks.o [1]
  .bss               zero     0x20001408     0x8  heap_4.o [1]
  .bss               zero     0x20001410     0x4  heap_4.o [1]
  .bss               zero     0x20001414     0x4  heap_4.o [1]
  .bss               zero     0x20001418     0x4  heap_4.o [1]
  .bss               zero     0x2000141c     0x4  heap_4.o [1]
  .bss               zero     0x20001420     0x4  main.o [1]
  .bss               zero     0x20001424     0x4  main.o [1]
  .bss               zero     0x20001428     0x4  main.o [1]
  .bss               zero     0x2000142c     0x4  port.o [1]
  .bss               zero     0x20001430     0x4  stm32f1xx_hal.o [1]
  .bss               zero     0x20001434     0x4  tasks.o [1]
  .bss               zero     0x20001438     0x4  tasks.o [1]
  .bss               zero     0x2000143c     0x4  tasks.o [1]
  .bss               zero     0x20001440     0x4  tasks.o [1]
  .bss               zero     0x20001444     0x4  tasks.o [1]
  .bss               zero     0x20001448     0x4  tasks.o [1]
  .bss               zero     0x2000144c     0x4  tasks.o [1]
  .bss               zero     0x20001450     0x4  tasks.o [1]
  .bss               zero     0x20001454     0x4  tasks.o [1]
  .bss               zero     0x20001458     0x4  tasks.o [1]
  .bss               zero     0x2000145c     0x4  tasks.o [1]
  .bss               zero     0x20001460     0x4  tasks.o [1]
  .bss               zero     0x20001464     0x4  tasks.o [1]
  .bss               zero     0x20001468     0x4  tasks.o [1]
  .bss               zero     0x2000146c     0x4  tasks.o [1]
  .bss               zero     0x20001470     0x1  port.o [1]
                            - 0x20001471  0x1061


*******************************************************************************
*** INIT TABLE
***

          Address     Size
          -------     ----
Zero (__iar_zero_init3)
    1 destination range, total size 0x1061:
          0x20000410  0x1061

Copy (__iar_copy_init3)
    1 source range, total size 0xc (133% of destination):
          0x08003484     0xc
    1 destination range, total size 0x9:
          0x20000000     0x9



*******************************************************************************
*** MODULE SUMMARY
***

    Module                        ro code  ro data  rw data
    ------                        -------  -------  -------
F:\New Sale System\Code\ZAxis\EWARM\ZAxis\Obj: [1]
    cmsis_os.o                        118
    heap_4.o                          644        4    3 096
    key.o                             328
    list.o                            158
    main.o                            920      108      208
    port.o                            420        4        9
    portasm.o                         136
    startup_stm32f103xb.o             404
    stm32f1xx_hal.o                    68        1        5
    stm32f1xx_hal_can.o             2 220
    stm32f1xx_hal_cortex.o            352
    stm32f1xx_hal_gpio.o              788
    stm32f1xx_hal_msp.o               412
    stm32f1xx_hal_rcc.o             1 820       18
    stm32f1xx_hal_tim.o             1 422
    stm32f1xx_hal_tim_ex.o            100
    stm32f1xx_hal_timebase_TIM.o      144                64
    stm32f1xx_it.o                     80
    system_stm32f1xx.o                104       28        4
    tasks.o                         2 184        8      300
    zaxis.o                           284               516
    -------------------------------------------------------
    Total:                         13 106      171    4 202

command line: [2]
    -------------------------------------------------------
    Total:

dl7M_tlf.a: [3]
    exit.o                              4
    low_level_init.o                    4
    -------------------------------------------------------
    Total:                              8

rt7M_tl.a: [4]
    ABImemcpy_unaligned.o              86
    cexit.o                            10
    cmain.o                            26
    copy_init3.o                       44
    cstartup_M.o                       12
    data_init.o                        40
    zero_init3.o                       64
    -------------------------------------------------------
    Total:                            282

shb_l.a: [5]
    exit.o                             20
    -------------------------------------------------------
    Total:                             20

    Gaps                               10
    Linker created                              39    1 024
-----------------------------------------------------------
    Grand Total:                   13 426      210    5 226


*******************************************************************************
*** ENTRY LIST
***

Entry                      Address   Size  Type      Object
-----                      -------   ----  ----      ------
.iar.init_table$$Base   0x080033ac          --   Gb  - Linker created -
.iar.init_table$$Limit  0x080033d0          --   Gb  - Linker created -
?main                   0x080033d1         Code  Gb  cmain.o [4]
AHBPrescTable           0x0800344c   0x10  Data  Gb  system_stm32f1xx.o [1]
APBPrescTable           0x08003498    0x8  Data  Gb  system_stm32f1xx.o [1]
BusFault_Handler        0x0800329f    0x2  Code  Gb  stm32f1xx_it.o [1]
CAN1_RX1_IRQHandler     0x080032c1    0xa  Code  Gb  stm32f1xx_it.o [1]
CAN1_SCE_IRQHandler     0x080032cb    0xa  Code  Gb  stm32f1xx_it.o [1]
CAN_Filter_Init         0x08002285   0x84  Code  Lc  main.o [1]
CAN_Receive_IT          0x080007d3  0x1c6  Code  Lc  stm32f1xx_hal_can.o [1]
CAN_Transmit_IT         0x08000775   0x5e  Code  Lc  stm32f1xx_hal_can.o [1]
CSTACK$$Base            0x20000010          --   Gb  - Linker created -
CSTACK$$Limit           0x20000410          --   Gb  - Linker created -
CheckCommand            0x08000c7f    0x2  Code  Gb  zaxis.o [1]
DebugMon_Handler        0x080032a3    0x2  Code  Gb  stm32f1xx_it.o [1]
DoNothing               0x08000c7d    0x2  Code  Gb  zaxis.o [1]
HAL_CAN_ConfigFilter    0x08000253  0x128  Code  Gb  stm32f1xx_hal_can.o [1]
HAL_CAN_ErrorCallback   0x08000773    0x2  Code  Wk  stm32f1xx_hal_can.o [1]
HAL_CAN_IRQHandler      0x08000489  0x2d4  Code  Gb  stm32f1xx_hal_can.o [1]
HAL_CAN_Init            0x080000ed  0x166  Code  Gb  stm32f1xx_hal_can.o [1]
HAL_CAN_MspInit         0x08000a39   0x96  Code  Gb  stm32f1xx_hal_msp.o [1]
HAL_CAN_Receive_IT      0x0800037b  0x10e  Code  Gb  stm32f1xx_hal_can.o [1]
HAL_CAN_RxCpltCallback  0x08000c81   0x14  Code  Gb  zaxis.o [1]
HAL_CAN_TxCpltCallback  0x08000771    0x2  Code  Wk  stm32f1xx_hal_can.o [1]
HAL_GPIO_Init           0x08000df5  0x2ba  Code  Gb  stm32f1xx_hal_gpio.o [1]
HAL_GPIO_ReadPin        0x080010af   0x18  Code  Gb  stm32f1xx_hal_gpio.o [1]
HAL_GetTick             0x08000b67    0x6  Code  Wk  stm32f1xx_hal.o [1]
HAL_IncTick             0x08000b57   0x10  Code  Wk  stm32f1xx_hal.o [1]
HAL_Init                0x08000b35   0x22  Code  Gb  stm32f1xx_hal.o [1]
HAL_InitTick            0x08001109   0x84  Code  Gb  stm32f1xx_hal_timebase_TIM.o [1]
HAL_MspInit             0x08000999   0xa0  Code  Gb  stm32f1xx_hal_msp.o [1]
HAL_NVIC_EnableIRQ      0x08000d97    0xe  Code  Gb  stm32f1xx_hal_cortex.o [1]
HAL_NVIC_SetPriority    0x08000d71   0x26  Code  Gb  stm32f1xx_hal_cortex.o [1]
HAL_NVIC_SetPriorityGrouping
                        0x08000d65    0xc  Code  Gb  stm32f1xx_hal_cortex.o [1]
HAL_RCC_ClockConfig     0x0800173f  0x186  Code  Gb  stm32f1xx_hal_rcc.o [1]
HAL_RCC_GetClockConfig  0x08001959   0x3a  Code  Gb  stm32f1xx_hal_rcc.o [1]
HAL_RCC_GetHCLKFreq     0x0800193d    0x6  Code  Gb  stm32f1xx_hal_rcc.o [1]
HAL_RCC_GetPCLK1Freq    0x08001943   0x16  Code  Gb  stm32f1xx_hal_rcc.o [1]
HAL_RCC_GetSysClockFreq
                        0x080018c5   0x78  Code  Gb  stm32f1xx_hal_rcc.o [1]
HAL_RCC_OscConfig       0x080012e1  0x45e  Code  Gb  stm32f1xx_hal_rcc.o [1]
HAL_SYSTICK_CLKSourceConfig
                        0x08000db1   0x22  Code  Gb  stm32f1xx_hal_cortex.o [1]
HAL_SYSTICK_Config      0x08000da5    0xc  Code  Gb  stm32f1xx_hal_cortex.o [1]
HAL_TIMEx_BreakCallback
                        0x080023dd    0x2  Code  Wk  stm32f1xx_hal_tim_ex.o [1]
HAL_TIMEx_CommutationCallback
                        0x080023db    0x2  Code  Wk  stm32f1xx_hal_tim_ex.o [1]
HAL_TIMEx_MasterConfigSynchronization
                        0x0800237d   0x5e  Code  Gb  stm32f1xx_hal_tim_ex.o [1]
HAL_TIM_Base_Init       0x080019fd   0x38  Code  Gb  stm32f1xx_hal_tim.o [1]
HAL_TIM_Base_MspInit    0x08001a35    0x2  Code  Wk  stm32f1xx_hal_tim.o [1]
HAL_TIM_Base_Start_IT   0x08001a37   0x1e  Code  Gb  stm32f1xx_hal_tim.o [1]
HAL_TIM_IC_CaptureCallback
                        0x08001d45    0x2  Code  Wk  stm32f1xx_hal_tim.o [1]
HAL_TIM_IRQHandler      0x08001ac9  0x176  Code  Gb  stm32f1xx_hal_tim.o [1]
HAL_TIM_MspPostInit     0x08000af5   0x24  Code  Gb  stm32f1xx_hal_msp.o [1]
HAL_TIM_OC_DelayElapsedCallback
                        0x08001d43    0x2  Code  Wk  stm32f1xx_hal_tim.o [1]
HAL_TIM_PWM_ConfigChannel
                        0x08001c3f  0x104  Code  Gb  stm32f1xx_hal_tim.o [1]
HAL_TIM_PWM_Init        0x08001a55   0x38  Code  Gb  stm32f1xx_hal_tim.o [1]
HAL_TIM_PWM_MspInit     0x08000acf   0x26  Code  Gb  stm32f1xx_hal_msp.o [1]
HAL_TIM_PWM_PulseFinishedCallback
                        0x08001d47    0x2  Code  Wk  stm32f1xx_hal_tim.o [1]
HAL_TIM_PWM_Start       0x08001a8d   0x36  Code  Gb  stm32f1xx_hal_tim.o [1]
HAL_TIM_PeriodElapsedCallback
                        0x08002369   0x12  Code  Gb  main.o [1]
HAL_TIM_TriggerCallback
                        0x08001d49    0x2  Code  Wk  stm32f1xx_hal_tim.o [1]
HardFault_Handler       0x0800329b    0x2  Code  Gb  stm32f1xx_it.o [1]
KeyScan                 0x08001199  0x148  Code  Gb  key.o [1]
MX_CAN_Init             0x080020e7   0x62  Code  Lc  main.o [1]
MX_GPIO_Init            0x0800221f   0x66  Code  Lc  main.o [1]
MX_TIM4_Init            0x08002149   0xd6  Code  Lc  main.o [1]
MemManage_Handler       0x0800329d    0x2  Code  Gb  stm32f1xx_it.o [1]
NMI_Handler             0x08003299    0x2  Code  Gb  stm32f1xx_it.o [1]
NVIC_EnableIRQ          0x08000cbd   0x14  Code  Lc  stm32f1xx_hal_cortex.o [1]
NVIC_EncodePriority     0x08000cf7   0x3e  Code  Lc  stm32f1xx_hal_cortex.o [1]
NVIC_GetPriorityGrouping
                        0x08000cb3    0xa  Code  Lc  stm32f1xx_hal_cortex.o [1]
NVIC_SetPriority        0x08000cd1   0x26  Code  Lc  stm32f1xx_hal_cortex.o [1]
NVIC_SetPriorityGrouping
                        0x08000c95   0x1e  Code  Lc  stm32f1xx_hal_cortex.o [1]
OnSwitchDown            0x08000c79    0x2  Code  Gb  zaxis.o [1]
PendSV_Handler          0x080031a9         Code  Gb  portasm.o [1]
PeriodicityTask         0x08002309   0x1c  Code  Gb  main.o [1]
PeriodicityTask::xLastWakeTime
                        0x20001428    0x4  Data  Lc  main.o [1]
PeriodicityTaskHandle   0x20001424    0x4  Data  Gb  main.o [1]
RCC_Delay               0x08001993   0x26  Code  Lc  stm32f1xx_hal_rcc.o [1]
Region$$Table$$Base     0x080033ac          --   Gb  - Linker created -
Region$$Table$$Limit    0x080033d0          --   Gb  - Linker created -
SVC_Handler             0x080031ef         Code  Gb  portasm.o [1]
StartDefaultTask        0x0800235d    0xc  Code  Gb  main.o [1]
SwitchScan              0x08000c09   0x5c  Code  Gb  zaxis.o [1]
SysTick_Config          0x08000d35   0x30  Code  Lc  stm32f1xx_hal_cortex.o [1]
SysTick_Handler         0x080032a5    0x8  Code  Gb  stm32f1xx_it.o [1]
SystemClock_Config      0x0800205f   0x88  Code  Gb  main.o [1]
SystemCoreClock         0x20000004    0x4  Data  Gb  system_stm32f1xx.o [1]
SystemInit              0x08003231   0x4e  Code  Gb  system_stm32f1xx.o [1]
TIM2_IRQHandler         0x080032d5    0xa  Code  Gb  stm32f1xx_it.o [1]
TIM_Base_SetConfig      0x08001d4b   0x6c  Code  Gb  stm32f1xx_hal_tim.o [1]
TIM_CCxChannelCmd       0x08001f6d   0x1e  Code  Gb  stm32f1xx_hal_tim.o [1]
TIM_OC1_SetConfig       0x08001db7   0x6e  Code  Lc  stm32f1xx_hal_tim.o [1]
TIM_OC2_SetConfig       0x08001e25   0x78  Code  Gb  stm32f1xx_hal_tim.o [1]
TIM_OC3_SetConfig       0x08001e9d   0x70  Code  Lc  stm32f1xx_hal_tim.o [1]
TIM_OC4_SetConfig       0x08001f0d   0x52  Code  Lc  stm32f1xx_hal_tim.o [1]
USB_HP_CAN1_TX_IRQHandler
                        0x080032ad    0xa  Code  Gb  stm32f1xx_it.o [1]
USB_LP_CAN1_RX0_IRQHandler
                        0x080032b7    0xa  Code  Gb  stm32f1xx_it.o [1]
UsageFault_Handler      0x080032a1    0x2  Code  Gb  stm32f1xx_it.o [1]
ZAxis                   0x20001010  0x204  Data  Gb  zaxis.o [1]
ZAxis_Init              0x08000b79   0x90  Code  Gb  zaxis.o [1]
_Error_Handler          0x0800237b    0x2  Code  Gb  main.o [1]
__cmain                 0x080033d1         Code  Gb  cmain.o [4]
__exit                  0x08003401   0x14  Code  Gb  exit.o [5]
__iar_copy_init3        0x08003359   0x2c  Code  Gb  copy_init3.o [4]
__iar_data_init3        0x08003385   0x28  Code  Gb  data_init.o [4]
__iar_program_start     0x08003479         Code  Gb  cstartup_M.o [4]
__iar_unaligned___aeabi_memcpy4
                        0x08001f8d         Code  Gb  ABImemcpy_unaligned.o [4]
__iar_unaligned___aeabi_memcpy8
                        0x08001f8d         Code  Gb  ABImemcpy_unaligned.o [4]
__iar_zero_init3        0x080032e9   0x40  Code  Gb  zero_init3.o [4]
__low_level_init        0x080033eb    0x4  Code  Gb  low_level_init.o [3]
__vector_table          0x08000000         Data  Gb  startup_stm32f103xb.o [1]
_call_main              0x080033dd         Code  Gb  cmain.o [4]
_exit                   0x080033f5         Code  Gb  cexit.o [4]
_main                   0x080033e7         Code  Gb  cmain.o [4]
defaultTaskHandle       0x20001420    0x4  Data  Gb  main.o [1]
exit                    0x080033ef    0x4  Code  Gb  exit.o [3]
hcan                    0x200012a0   0x44  Data  Gb  main.o [1]
htim2                   0x20001324   0x40  Data  Gb  stm32f1xx_hal_timebase_TIM.o [1]
htim4                   0x200012e4   0x40  Data  Gb  main.o [1]
main                    0x08001fe5   0x7a  Code  Gb  main.o [1]
makeFreeRtosPriority    0x080023e1   0x12  Code  Lc  cmsis_os.o [1]
osDelay                 0x0800242b   0x1c  Code  Gb  cmsis_os.o [1]
osKernelStart           0x080023f3    0xa  Code  Gb  cmsis_os.o [1]
osSystickHandler        0x08002447   0x10  Code  Gb  cmsis_os.o [1]
osThreadCreate          0x080023fd   0x2e  Code  Gb  cmsis_os.o [1]
prvAddCurrentTaskToDelayedList
                        0x08002c19   0x82  Code  Lc  tasks.o [1]
prvAddNewTaskToReadyList
                        0x080025a5   0xb8  Code  Lc  tasks.o [1]
prvCheckTasksWaitingTermination
                        0x08002b1d   0x66  Code  Lc  tasks.o [1]
prvDeleteTCB            0x08002b89   0x12  Code  Lc  tasks.o [1]
prvHeapInit             0x08003019   0x6e  Code  Lc  heap_4.o [1]
prvIdleTask             0x08002a95   0x26  Code  Lc  tasks.o [1]
prvInitialiseNewTask    0x080024dd   0xc8  Code  Lc  tasks.o [1]
prvInitialiseTaskLists  0x08002abd   0x5a  Code  Lc  tasks.o [1]
prvInsertBlockIntoFreeList
                        0x08003087   0x62  Code  Lc  heap_4.o [1]
prvResetNextTaskUnblockTime
                        0x08002b9b   0x2e  Code  Lc  tasks.o [1]
prvTaskExitError        0x08002d01   0x2a  Code  Lc  port.o [1]
pvPortMalloc            0x08002e85  0x11a  Code  Gb  heap_4.o [1]
pxCurrentTCB            0x20001434    0x4  Data  Gb  tasks.o [1]
pxDelayedTaskList       0x20001438    0x4  Data  Lc  tasks.o [1]
pxEnd                   0x20001410    0x4  Data  Lc  heap_4.o [1]
pxOverflowDelayedTaskList
                        0x2000143c    0x4  Data  Lc  tasks.o [1]
pxPortInitialiseStack   0x08002ce1   0x20  Code  Gb  port.o [1]
pxReadyTasksLists       0x20001214   0x8c  Data  Lc  tasks.o [1]
rxmsg                   0x20001364   0x24  Data  Gb  main.o [1]
txmsg                   0x20001388   0x1c  Data  Gb  main.o [1]
ucHeap                  0x20000410  0xc00  Data  Lc  heap_4.o [1]
ucMaxSysCallPriority    0x20001470    0x1  Data  Lc  port.o [1]
ulMaxPRIGROUPValue      0x2000142c    0x4  Data  Lc  port.o [1]
uwTick                  0x20001430    0x4  Data  Gb  stm32f1xx_hal.o [1]
uwTickFreq              0x20000008    0x1  Data  Gb  stm32f1xx_hal.o [1]
uxCriticalNesting       0x20000000    0x4  Data  Lc  port.o [1]
uxCurrentNumberOfTasks  0x20001444    0x4  Data  Lc  tasks.o [1]
uxDeletedTasksWaitingCleanUp
                        0x20001440    0x4  Data  Lc  tasks.o [1]
uxListRemove            0x0800317f   0x28  Code  Gb  list.o [1]
uxPendedTicks           0x20001454    0x4  Data  Lc  tasks.o [1]
uxSchedulerSuspended    0x2000146c    0x4  Data  Lc  tasks.o [1]
uxTaskNumber            0x20001460    0x4  Data  Lc  tasks.o [1]
uxTopReadyPriority      0x2000144c    0x4  Data  Lc  tasks.o [1]
vListInitialise         0x08003109   0x1e  Code  Gb  list.o [1]
vListInitialiseItem     0x08003127    0x6  Code  Gb  list.o [1]
vListInsert             0x08003145   0x3a  Code  Gb  list.o [1]
vListInsertEnd          0x0800312d   0x18  Code  Gb  list.o [1]
vPortEnterCritical      0x08002db3   0x3a  Code  Gb  port.o [1]
vPortExitCritical       0x08002ded   0x32  Code  Gb  port.o [1]
vPortFree               0x08002f9f   0x7a  Code  Gb  heap_4.o [1]
vPortSetupTimerInterrupt
                        0x08002e47   0x1a  Code  Wk  port.o [1]
vPortStartFirstTask     0x0800320f         Code  Gb  portasm.o [1]
vTaskDelay              0x08002713   0x4e  Code  Gb  tasks.o [1]
vTaskDelayUntil         0x0800265d   0xb6  Code  Gb  tasks.o [1]
vTaskStartScheduler     0x08002761   0x68  Code  Gb  tasks.o [1]
vTaskSuspendAll         0x080027c9   0x10  Code  Gb  tasks.o [1]
vTaskSwitchContext      0x08002a0b   0x72  Code  Gb  tasks.o [1]
xBlockAllocatedBit      0x2000141c    0x4  Data  Lc  heap_4.o [1]
xDelayedTaskList1       0x200013a4   0x14  Data  Lc  tasks.o [1]
xDelayedTaskList2       0x200013b8   0x14  Data  Lc  tasks.o [1]
xFreeBytesRemaining     0x20001414    0x4  Data  Lc  heap_4.o [1]
xHeapStructSize         0x080034a8    0x4  Data  Lc  heap_4.o [1]
xIdleTaskHandle         0x20001468    0x4  Data  Lc  tasks.o [1]
xMinimumEverFreeBytesRemaining
                        0x20001418    0x4  Data  Lc  heap_4.o [1]
xNextTaskUnblockTime    0x20001464    0x4  Data  Lc  tasks.o [1]
xNumOfOverflows         0x2000145c    0x4  Data  Lc  tasks.o [1]
xPendingReadyList       0x200013cc   0x14  Data  Lc  tasks.o [1]
xPortStartScheduler     0x08002d2b   0x88  Code  Gb  port.o [1]
xPortSysTickHandler     0x08002e1f   0x28  Code  Gb  port.o [1]
xSchedulerRunning       0x20001450    0x4  Data  Lc  tasks.o [1]
xStart                  0x20001408    0x8  Data  Lc  heap_4.o [1]
xSuspendedTaskList      0x200013f4   0x14  Data  Lc  tasks.o [1]
xTaskCreate             0x08002459   0x84  Code  Gb  tasks.o [1]
xTaskGetSchedulerState  0x08002bc9   0x26  Code  Gb  tasks.o [1]
xTaskGetTickCount       0x080028d7    0xa  Code  Gb  tasks.o [1]
xTaskIncrementTick      0x080028e1  0x12a  Code  Gb  tasks.o [1]
xTaskResumeAll          0x080027d9   0xfe  Code  Gb  tasks.o [1]
xTasksWaitingTermination
                        0x200013e0   0x14  Data  Lc  tasks.o [1]
xTickCount              0x20001448    0x4  Data  Lc  tasks.o [1]
xYieldPending           0x20001458    0x4  Data  Lc  tasks.o [1]


[1] = F:\New Sale System\Code\ZAxis\EWARM\ZAxis\Obj
[2] = command line
[3] = dl7M_tlf.a
[4] = rt7M_tl.a
[5] = shb_l.a

  13 426 bytes of readonly  code memory
     210 bytes of readonly  data memory
   5 226 bytes of readwrite data memory

Errors: none
Warnings: none
